// Jest Snapshot v1, https://goo.gl/fbAQLP

exports[`renders correctly 1`] = `
<ul
  className="list"
>
  <li
    className="listItem"
    onClick={[Function]}
  >
    Laundry
  </li>
  <li
    className="listItem"
    onClick={[Function]}
  >
    Grocery Shopping
  </li>
</ul>
`;
